[2026-06-02 19:34:58] LOBBY_CREATED: R1 by gracz1
[2026-06-02 19:35:05] JOIN: gracz2 -> R1
[2026-06-02 19:35:10] CHAT: gracz2 -> (null)
[2026-06-02 19:35:18] CHAT: gracz1 -> (null)
[2026-06-02 19:35:25] READY: gracz1
[2026-06-02 19:35:28] READY: gracz2
[2026-06-02 19:35:31] GAME_STARTED by gracz1
[2026-06-02 19:35:31] GAME_STARTED by gracz1
[2026-06-02 19:35:45] GAME_ENDED by gracz1
[2026-06-02 19:35:45] GAME_ENDED by gracz1
[2026-06-02 19:35:50] CHAT: gracz1 -> (null)
[2026-06-02 19:35:57] LEAVE: gracz1
[2026-06-02 19:35:57] LEAVE: gracz1
[2026-06-02 19:36:01] DISCONNECT: gracz1
[2026-06-02 19:36:01] DISCONNECT: gracz2
[2026-06-02 19:45:45] LOGIN: gracz1
[2026-06-02 19:45:48] LOGIN: gracz2
[2026-06-02 19:46:08] LOBBY_CREATED: Room1 by gracz1
[2026-06-02 19:46:16] JOIN: gracz2 -> Room1
[2026-06-02 19:46:22] CHAT: gracz1 -> helo
[2026-06-02 19:46:28] CHAT: gracz2 -> hejo
[2026-06-02 19:46:35] READY: gracz1
[2026-06-02 19:46:38] READY: gracz2
[2026-06-02 19:46:41] GAME_STARTED by gracz1
[2026-06-02 19:46:41] GAME_STARTED by gracz1
[2026-06-02 19:46:50] CHAT: gracz1 -> wow
[2026-06-02 19:46:54] CHAT: gracz2 -> xd
[2026-06-02 19:47:04] GAME_ENDED by gracz1
[2026-06-02 19:47:04] GAME_ENDED by gracz1
[2026-06-02 19:47:10] CHAT: gracz1 -> Cool
[2026-06-02 19:47:17] LEAVE: gracz2
[2026-06-02 19:47:57] DISCONNECT: gracz2
[2026-06-02 19:47:58] DISCONNECT: gracz1
[2026-06-02 20:22:53] LOGIN: gracz1
[2026-06-02 20:23:45] LOBBY_CREATED: Room1 by gracz1
[2026-06-02 20:24:23] DISCONNECT: gracz1
[2026-06-02 20:24:34] LOGIN: gracz1
[2026-06-02 20:24:41] LOBBY_CREATED: Room1 by gracz1
[2026-06-02 20:25:55] LOGIN: gracz2
[2026-06-02 20:25:59] CHAT: gracz1 -> xd
[2026-06-02 20:26:21] JOIN: gracz2 -> Room1
[2026-06-02 20:26:42] CHAT: gracz2 -> Cze˜†
[2026-06-02 20:27:39] DISCONNECT: 
[2026-06-02 20:27:40] DISCONNECT: 
[2026-06-02 20:27:46] LOGIN: gracz1
[2026-06-02 20:27:52] LOBBY_CREATED: Room1 by gracz1
[2026-06-02 20:28:00] LOGIN: gracz2
[2026-06-02 20:28:04] JOIN: gracz2 -> Room1
[2026-06-02 20:28:11] CHAT: gracz2 -> Cze˜†
[2026-06-02 20:28:18] READY: gracz2
[2026-06-02 20:28:21] READY: gracz1
[2026-06-02 20:28:48] GAME_STARTED by gracz1
[2026-06-02 20:28:48] GAME_STARTED by gracz1
[2026-06-02 20:30:23] TIMEOUT: gracz2
[2026-06-02 20:30:23] DISCONNECT: gracz2
[2026-06-02 20:30:34] DISCONNECT: gracz1
[2026-06-02 20:30:44] LOGIN: gracz1
[2026-06-02 20:30:49] LOBBY_CREATED: Room1 by gracz1
[2026-06-02 20:30:54] LOGIN: gracz2
[2026-06-02 20:30:59] JOIN: gracz2 -> Room1
[2026-06-02 20:31:04] CHAT: gracz2 -> Cze˜†
[2026-06-02 20:31:09] READY: gracz2
[2026-06-02 20:31:11] READY: gracz1
[2026-06-02 20:31:14] GAME_STARTED by gracz1
[2026-06-02 20:31:14] GAME_STARTED by gracz1
[2026-06-02 20:31:19] GAME_ENDED by gracz1
[2026-06-02 20:31:19] GAME_ENDED by gracz1
[2026-06-02 20:31:39] LEAVE: gracz2
[2026-06-02 20:33:42] TIMEOUT: gracz2
[2026-06-02 20:33:42] DISCONNECT: gracz2
[2026-06-02 20:33:52] TIMEOUT: gracz1
[2026-06-02 20:33:52] DISCONNECT: gracz1
[2026-06-02 20:39:19] LOGIN: gracz1
[2026-06-02 20:39:51] LOGIN: gracz2
[2026-06-02 20:41:13] LOBBY_CREATED: Room1 by gracz1
[2026-06-02 20:41:24] JOIN: gracz2 -> Room1
[2026-06-02 20:43:49] TIMEOUT: gracz2
[2026-06-02 20:43:49] DISCONNECT: gracz2
[2026-06-02 20:44:49] DISCONNECT: gracz1
[2026-06-02 20:51:33] LOGIN: gracz1
[2026-06-02 20:51:35] LOGIN: gracz2
[2026-06-02 20:51:39] LOGIN: gracz3
[2026-06-02 20:51:43] LOGIN: gracz4
[2026-06-02 20:51:47] LOGIN: gracz5
[2026-06-02 20:53:05] LOBBY_CREATED: Room1 by gracz1
[2026-06-02 20:53:10] JOIN: gracz2 -> Room1
[2026-06-02 20:53:14] JOIN: gracz3 -> Room1
[2026-06-02 20:53:19] JOIN: gracz4 -> Room1
[2026-06-02 20:53:24] JOIN: gracz5 -> Room1
[2026-06-02 20:53:51] CHAT: gracz1 -> test
[2026-06-02 20:53:59] CHAT: gracz2 -> Test2
[2026-06-02 20:54:08] CHAT: gracz3 -> test3
[2026-06-02 20:54:13] CHAT: gracz4 -> test4
[2026-06-02 20:54:17] CHAT: gracz5 -> test5
[2026-06-02 20:54:52] READY: gracz1
[2026-06-02 20:54:55] READY: gracz2
[2026-06-02 20:54:57] READY: gracz3
[2026-06-02 20:55:00] READY: gracz4
[2026-06-02 20:55:02] READY: gracz5
[2026-06-02 20:55:22] GAME_STARTED by gracz1
[2026-06-02 20:55:22] GAME_STARTED by gracz1
[2026-06-02 20:55:22] GAME_STARTED by gracz1
[2026-06-02 20:55:22] GAME_STARTED by gracz1
[2026-06-02 20:55:22] GAME_STARTED by gracz1
[2026-06-02 20:55:29] GAME_ENDED by gracz1
[2026-06-02 20:55:29] GAME_ENDED by gracz1
[2026-06-02 20:55:29] GAME_ENDED by gracz1
[2026-06-02 20:55:29] GAME_ENDED by gracz1
[2026-06-02 20:55:29] GAME_ENDED by gracz1
[2026-06-02 20:55:33] DISCONNECT: gracz1
[2026-06-02 20:55:33] DISCONNECT: gracz2
[2026-06-02 20:55:34] DISCONNECT: gracz3
[2026-06-02 20:55:34] DISCONNECT: gracz4
[2026-06-02 20:55:36] DISCONNECT: gracz5
